2026-04-25 20:37:07,448 | INFO | Loaded net(s) l2-k_mnist-b64-lr0.01-e100-i512-o512.pth
2026-04-25 20:37:07,448 | INFO | Testing ['l2-k_mnist-b64-lr0.01-e100-i512-o512.pth'] on mnist dataset
2026-04-25 20:37:09,368 | DEBUG | Correct:982
2026-04-25 20:37:09,368 | DEBUG | Total:1000
2026-04-25 20:37:09,368 | INFO | Test accuracy: 98.20%
2026-04-25 20:37:10,682 | DEBUG | Correct:1952
2026-04-25 20:37:10,682 | DEBUG | Total:2000
2026-04-25 20:37:10,682 | INFO | Test accuracy: 97.60%
2026-04-25 20:37:11,980 | DEBUG | Correct:2922
2026-04-25 20:37:11,980 | DEBUG | Total:3000
2026-04-25 20:37:11,980 | INFO | Test accuracy: 97.40%
2026-04-25 20:37:13,291 | DEBUG | Correct:3894
2026-04-25 20:37:13,291 | DEBUG | Total:4000
2026-04-25 20:37:13,291 | INFO | Test accuracy: 97.35%
2026-04-25 20:37:14,601 | DEBUG | Correct:4870
2026-04-25 20:37:14,601 | DEBUG | Total:5000
2026-04-25 20:37:14,601 | INFO | Test accuracy: 97.40%
2026-04-25 20:37:15,907 | DEBUG | Correct:5855
2026-04-25 20:37:15,908 | DEBUG | Total:6000
2026-04-25 20:37:15,908 | INFO | Test accuracy: 97.58%
2026-04-25 20:37:17,226 | DEBUG | Correct:6840
2026-04-25 20:37:17,226 | DEBUG | Total:7000
2026-04-25 20:37:17,226 | INFO | Test accuracy: 97.71%
2026-04-25 20:37:18,540 | DEBUG | Correct:7836
2026-04-25 20:37:18,540 | DEBUG | Total:8000
2026-04-25 20:37:18,540 | INFO | Test accuracy: 97.95%
2026-04-25 20:37:19,863 | DEBUG | Correct:8828
2026-04-25 20:37:19,864 | DEBUG | Total:9000
2026-04-25 20:37:19,864 | INFO | Test accuracy: 98.09%
2026-04-25 20:37:21,192 | DEBUG | Correct:9808
2026-04-25 20:37:21,192 | DEBUG | Total:10000
2026-04-25 20:37:21,192 | INFO | Test accuracy: 98.08%